TimeQuest Timing Analyzer report for ukf
Wed Oct 24 19:30:50 2018
Quartus Prime Version 17.1.0 Build 590 10/25/2017 SJ Lite Edition


---------------------
; Table of Contents ;
---------------------
  1. Legal Notice
  2. TimeQuest Timing Analyzer Summary
  3. Parallel Compilation
  4. Clocks
  5. Slow 1100mV 85C Model Fmax Summary
  6. Timing Closure Recommendations
  7. Slow 1100mV 85C Model Setup Summary
  8. Slow 1100mV 85C Model Hold Summary
  9. Slow 1100mV 85C Model Recovery Summary
 10. Slow 1100mV 85C Model Removal Summary
 11. Slow 1100mV 85C Model Minimum Pulse Width Summary
 12. Slow 1100mV 85C Model Metastability Summary
 13. Slow 1100mV 0C Model Fmax Summary
 14. Slow 1100mV 0C Model Setup Summary
 15. Slow 1100mV 0C Model Hold Summary
 16. Slow 1100mV 0C Model Recovery Summary
 17. Slow 1100mV 0C Model Removal Summary
 18. Slow 1100mV 0C Model Minimum Pulse Width Summary
 19. Slow 1100mV 0C Model Metastability Summary
 20. Fast 1100mV 85C Model Setup Summary
 21. Fast 1100mV 85C Model Hold Summary
 22. Fast 1100mV 85C Model Recovery Summary
 23. Fast 1100mV 85C Model Removal Summary
 24. Fast 1100mV 85C Model Minimum Pulse Width Summary
 25. Fast 1100mV 85C Model Metastability Summary
 26. Fast 1100mV 0C Model Setup Summary
 27. Fast 1100mV 0C Model Hold Summary
 28. Fast 1100mV 0C Model Recovery Summary
 29. Fast 1100mV 0C Model Removal Summary
 30. Fast 1100mV 0C Model Minimum Pulse Width Summary
 31. Fast 1100mV 0C Model Metastability Summary
 32. Multicorner Timing Analysis Summary
 33. Board Trace Model Assignments
 34. Input Transition Times
 35. Signal Integrity Metrics (Slow 1100mv 0c Model)
 36. Signal Integrity Metrics (Slow 1100mv 85c Model)
 37. Signal Integrity Metrics (Fast 1100mv 0c Model)
 38. Signal Integrity Metrics (Fast 1100mv 85c Model)
 39. Clock Transfers
 40. Report TCCS
 41. Report RSKM
 42. Unconstrained Paths Summary
 43. TimeQuest Timing Analyzer Messages



----------------
; Legal Notice ;
----------------
Copyright (C) 2017  Intel Corporation. All rights reserved.
Your use of Intel Corporation's design tools, logic functions 
and other software and tools, and its AMPP partner logic 
functions, and any output files from any of the foregoing 
(including device programming or simulation files), and any 
associated documentation or information are expressly subject 
to the terms and conditions of the Intel Program License 
Subscription Agreement, the Intel Quartus Prime License Agreement,
the Intel FPGA IP License Agreement, or other applicable license
agreement, including, without limitation, that your use is for
the sole purpose of programming logic devices manufactured by
Intel and sold by Intel or its authorized distributors.  Please
refer to the applicable agreement for further details.



+-----------------------------------------------------------------------------+
; TimeQuest Timing Analyzer Summary                                           ;
+-----------------------+-----------------------------------------------------+
; Quartus Prime Version ; Version 17.1.0 Build 590 10/25/2017 SJ Lite Edition ;
; Timing Analyzer       ; TimeQuest                                           ;
; Revision Name         ; ukf                                                 ;
; Device Family         ; Cyclone V                                           ;
; Device Name           ; 5CEBA4F23C7                                         ;
; Timing Models         ; Final                                               ;
; Delay Model           ; Combined                                            ;
; Rise/Fall Delays      ; Enabled                                             ;
+-----------------------+-----------------------------------------------------+


+------------------------------------------+
; Parallel Compilation                     ;
+----------------------------+-------------+
; Processors                 ; Number      ;
+----------------------------+-------------+
; Number detected on machine ; 8           ;
; Maximum allowed            ; 4           ;
;                            ;             ;
; Average used               ; 1.00        ;
; Maximum used               ; 4           ;
;                            ;             ;
; Usage by Processor         ; % Time Used ;
;     Processor 1            ; 100.0%      ;
;     Processors 2-4         ;   0.1%      ;
+----------------------------+-------------+


----------
; Clocks ;
----------
No clocks to report.


--------------------------------------
; Slow 1100mV 85C Model Fmax Summary ;
--------------------------------------
No paths to report.


----------------------------------
; Timing Closure Recommendations ;
----------------------------------
HTML report is unavailable in plain text report export.


---------------------------------------
; Slow 1100mV 85C Model Setup Summary ;
---------------------------------------
No paths to report.


--------------------------------------
; Slow 1100mV 85C Model Hold Summary ;
--------------------------------------
No paths to report.


------------------------------------------
; Slow 1100mV 85C Model Recovery Summary ;
------------------------------------------
No paths to report.


-----------------------------------------
; Slow 1100mV 85C Model Removal Summary ;
-----------------------------------------
No paths to report.


-----------------------------------------------------
; Slow 1100mV 85C Model Minimum Pulse Width Summary ;
-----------------------------------------------------
No paths to report.


-----------------------------------------------
; Slow 1100mV 85C Model Metastability Summary ;
-----------------------------------------------
No synchronizer chains to report.


-------------------------------------
; Slow 1100mV 0C Model Fmax Summary ;
-------------------------------------
No paths to report.


--------------------------------------
; Slow 1100mV 0C Model Setup Summary ;
--------------------------------------
No paths to report.


-------------------------------------
; Slow 1100mV 0C Model Hold Summary ;
-------------------------------------
No paths to report.


-----------------------------------------
; Slow 1100mV 0C Model Recovery Summary ;
-----------------------------------------
No paths to report.


----------------------------------------
; Slow 1100mV 0C Model Removal Summary ;
----------------------------------------
No paths to report.


----------------------------------------------------
; Slow 1100mV 0C Model Minimum Pulse Width Summary ;
----------------------------------------------------
No paths to report.


----------------------------------------------
; Slow 1100mV 0C Model Metastability Summary ;
----------------------------------------------
No synchronizer chains to report.


---------------------------------------
; Fast 1100mV 85C Model Setup Summary ;
---------------------------------------
No paths to report.


--------------------------------------
; Fast 1100mV 85C Model Hold Summary ;
--------------------------------------
No paths to report.


------------------------------------------
; Fast 1100mV 85C Model Recovery Summary ;
------------------------------------------
No paths to report.


-----------------------------------------
; Fast 1100mV 85C Model Removal Summary ;
-----------------------------------------
No paths to report.


-----------------------------------------------------
; Fast 1100mV 85C Model Minimum Pulse Width Summary ;
-----------------------------------------------------
No paths to report.


-----------------------------------------------
; Fast 1100mV 85C Model Metastability Summary ;
-----------------------------------------------
No synchronizer chains to report.


--------------------------------------
; Fast 1100mV 0C Model Setup Summary ;
--------------------------------------
No paths to report.


-------------------------------------
; Fast 1100mV 0C Model Hold Summary ;
-------------------------------------
No paths to report.


-----------------------------------------
; Fast 1100mV 0C Model Recovery Summary ;
-----------------------------------------
No paths to report.


----------------------------------------
; Fast 1100mV 0C Model Removal Summary ;
----------------------------------------
No paths to report.


----------------------------------------------------
; Fast 1100mV 0C Model Minimum Pulse Width Summary ;
----------------------------------------------------
No paths to report.


----------------------------------------------
; Fast 1100mV 0C Model Metastability Summary ;
----------------------------------------------
No synchronizer chains to report.


+----------------------------------------------------------------------------+
; Multicorner Timing Analysis Summary                                        ;
+------------------+-------+------+----------+---------+---------------------+
; Clock            ; Setup ; Hold ; Recovery ; Removal ; Minimum Pulse Width ;
+------------------+-------+------+----------+---------+---------------------+
; Worst-case Slack ; N/A   ; N/A  ; N/A      ; N/A     ; N/A                 ;
; Design-wide TNS  ; 0.0   ; 0.0  ; 0.0      ; 0.0     ; 0.0                 ;
+------------------+-------+------+----------+---------+---------------------+


+--------------------------------------------------------------------------------------------------------------------------------------------------------------------------------------------------------------------------------------------------------------------------------------------------------------------------------------------------------------------------------------------------------+
; Board Trace Model Assignments                                                                                                                                                                                                                                                                                                                                                                          ;
+-----+--------------+-------------------+-------------------------+-------------------------+---------------+---------------------+----------------+------------------+--------+------------------+------------------------+------------------------+--------------+---------------+-----------------+-------+---------------------+--------------------+---------------+-----------------+-------------+
; Pin ; I/O Standard ; Near Tline Length ; Near Tline L per Length ; Near Tline C per Length ; Near Series R ; Near Differential R ; Near Pull-up R ; Near Pull-down R ; Near C ; Far Tline Length ; Far Tline L per Length ; Far Tline C per Length ; Far Series R ; Far Pull-up R ; Far Pull-down R ; Far C ; Termination Voltage ; Far Differential R ; EBD File Name ; EBD Signal Name ; EBD Far-end ;
+-----+--------------+-------------------+-------------------------+-------------------------+---------------+---------------------+----------------+------------------+--------+------------------+------------------------+------------------------+--------------+---------------+-----------------+-------+---------------------+--------------------+---------------+-----------------+-------------+


+--------------------------------------------------------------------+
; Input Transition Times                                             ;
+-----------------+--------------+-----------------+-----------------+
; Pin             ; I/O Standard ; 10-90 Rise Time ; 90-10 Fall Time ;
+-----------------+--------------+-----------------+-----------------+
; write_data[4]   ; 2.5 V        ; 2000 ps         ; 2000 ps         ;
; write_data[5]   ; 2.5 V        ; 2000 ps         ; 2000 ps         ;
; write_data[6]   ; 2.5 V        ; 2000 ps         ; 2000 ps         ;
; write_data[7]   ; 2.5 V        ; 2000 ps         ; 2000 ps         ;
; write_data[8]   ; 2.5 V        ; 2000 ps         ; 2000 ps         ;
; write_data[9]   ; 2.5 V        ; 2000 ps         ; 2000 ps         ;
; write_data[10]  ; 2.5 V        ; 2000 ps         ; 2000 ps         ;
; write_data[11]  ; 2.5 V        ; 2000 ps         ; 2000 ps         ;
; write_data[12]  ; 2.5 V        ; 2000 ps         ; 2000 ps         ;
; write_data[13]  ; 2.5 V        ; 2000 ps         ; 2000 ps         ;
; write_data[14]  ; 2.5 V        ; 2000 ps         ; 2000 ps         ;
; write_data[15]  ; 2.5 V        ; 2000 ps         ; 2000 ps         ;
; write_data[16]  ; 2.5 V        ; 2000 ps         ; 2000 ps         ;
; write_data[17]  ; 2.5 V        ; 2000 ps         ; 2000 ps         ;
; write_data[18]  ; 2.5 V        ; 2000 ps         ; 2000 ps         ;
; write_data[19]  ; 2.5 V        ; 2000 ps         ; 2000 ps         ;
; write_data[20]  ; 2.5 V        ; 2000 ps         ; 2000 ps         ;
; write_data[21]  ; 2.5 V        ; 2000 ps         ; 2000 ps         ;
; write_data[22]  ; 2.5 V        ; 2000 ps         ; 2000 ps         ;
; write_data[23]  ; 2.5 V        ; 2000 ps         ; 2000 ps         ;
; write_data[24]  ; 2.5 V        ; 2000 ps         ; 2000 ps         ;
; write_data[25]  ; 2.5 V        ; 2000 ps         ; 2000 ps         ;
; write_data[26]  ; 2.5 V        ; 2000 ps         ; 2000 ps         ;
; write_data[27]  ; 2.5 V        ; 2000 ps         ; 2000 ps         ;
; write_data[28]  ; 2.5 V        ; 2000 ps         ; 2000 ps         ;
; write_data[29]  ; 2.5 V        ; 2000 ps         ; 2000 ps         ;
; write_data[30]  ; 2.5 V        ; 2000 ps         ; 2000 ps         ;
; write_data[31]  ; 2.5 V        ; 2000 ps         ; 2000 ps         ;
; write_data[32]  ; 2.5 V        ; 2000 ps         ; 2000 ps         ;
; write_data[33]  ; 2.5 V        ; 2000 ps         ; 2000 ps         ;
; write_data[34]  ; 2.5 V        ; 2000 ps         ; 2000 ps         ;
; write_data[35]  ; 2.5 V        ; 2000 ps         ; 2000 ps         ;
; write_data[36]  ; 2.5 V        ; 2000 ps         ; 2000 ps         ;
; write_data[37]  ; 2.5 V        ; 2000 ps         ; 2000 ps         ;
; write_data[38]  ; 2.5 V        ; 2000 ps         ; 2000 ps         ;
; write_data[39]  ; 2.5 V        ; 2000 ps         ; 2000 ps         ;
; write_data[40]  ; 2.5 V        ; 2000 ps         ; 2000 ps         ;
; write_data[41]  ; 2.5 V        ; 2000 ps         ; 2000 ps         ;
; write_data[42]  ; 2.5 V        ; 2000 ps         ; 2000 ps         ;
; write_data[43]  ; 2.5 V        ; 2000 ps         ; 2000 ps         ;
; write_data[44]  ; 2.5 V        ; 2000 ps         ; 2000 ps         ;
; write_data[45]  ; 2.5 V        ; 2000 ps         ; 2000 ps         ;
; write_data[46]  ; 2.5 V        ; 2000 ps         ; 2000 ps         ;
; write_data[47]  ; 2.5 V        ; 2000 ps         ; 2000 ps         ;
; write_data[48]  ; 2.5 V        ; 2000 ps         ; 2000 ps         ;
; write_data[49]  ; 2.5 V        ; 2000 ps         ; 2000 ps         ;
; write_data[50]  ; 2.5 V        ; 2000 ps         ; 2000 ps         ;
; write_data[51]  ; 2.5 V        ; 2000 ps         ; 2000 ps         ;
; write_data[52]  ; 2.5 V        ; 2000 ps         ; 2000 ps         ;
; write_data[53]  ; 2.5 V        ; 2000 ps         ; 2000 ps         ;
; write_data[54]  ; 2.5 V        ; 2000 ps         ; 2000 ps         ;
; write_data[55]  ; 2.5 V        ; 2000 ps         ; 2000 ps         ;
; write_data[56]  ; 2.5 V        ; 2000 ps         ; 2000 ps         ;
; write_data[57]  ; 2.5 V        ; 2000 ps         ; 2000 ps         ;
; write_data[58]  ; 2.5 V        ; 2000 ps         ; 2000 ps         ;
; write_data[59]  ; 2.5 V        ; 2000 ps         ; 2000 ps         ;
; write_data[60]  ; 2.5 V        ; 2000 ps         ; 2000 ps         ;
; write_data[61]  ; 2.5 V        ; 2000 ps         ; 2000 ps         ;
; write_data[62]  ; 2.5 V        ; 2000 ps         ; 2000 ps         ;
; write_data[63]  ; 2.5 V        ; 2000 ps         ; 2000 ps         ;
; write_data[64]  ; 2.5 V        ; 2000 ps         ; 2000 ps         ;
; write_data[65]  ; 2.5 V        ; 2000 ps         ; 2000 ps         ;
; write_data[66]  ; 2.5 V        ; 2000 ps         ; 2000 ps         ;
; write_data[67]  ; 2.5 V        ; 2000 ps         ; 2000 ps         ;
; write_data[68]  ; 2.5 V        ; 2000 ps         ; 2000 ps         ;
; write_data[69]  ; 2.5 V        ; 2000 ps         ; 2000 ps         ;
; write_data[70]  ; 2.5 V        ; 2000 ps         ; 2000 ps         ;
; write_data[71]  ; 2.5 V        ; 2000 ps         ; 2000 ps         ;
; write_data[72]  ; 2.5 V        ; 2000 ps         ; 2000 ps         ;
; write_data[73]  ; 2.5 V        ; 2000 ps         ; 2000 ps         ;
; write_data[74]  ; 2.5 V        ; 2000 ps         ; 2000 ps         ;
; write_data[75]  ; 2.5 V        ; 2000 ps         ; 2000 ps         ;
; write_data[76]  ; 2.5 V        ; 2000 ps         ; 2000 ps         ;
; write_data[77]  ; 2.5 V        ; 2000 ps         ; 2000 ps         ;
; write_data[78]  ; 2.5 V        ; 2000 ps         ; 2000 ps         ;
; write_data[79]  ; 2.5 V        ; 2000 ps         ; 2000 ps         ;
; write_data[80]  ; 2.5 V        ; 2000 ps         ; 2000 ps         ;
; write_data[81]  ; 2.5 V        ; 2000 ps         ; 2000 ps         ;
; write_data[82]  ; 2.5 V        ; 2000 ps         ; 2000 ps         ;
; write_data[83]  ; 2.5 V        ; 2000 ps         ; 2000 ps         ;
; write_data[84]  ; 2.5 V        ; 2000 ps         ; 2000 ps         ;
; write_data[85]  ; 2.5 V        ; 2000 ps         ; 2000 ps         ;
; write_data[86]  ; 2.5 V        ; 2000 ps         ; 2000 ps         ;
; write_data[87]  ; 2.5 V        ; 2000 ps         ; 2000 ps         ;
; write_data[88]  ; 2.5 V        ; 2000 ps         ; 2000 ps         ;
; write_data[89]  ; 2.5 V        ; 2000 ps         ; 2000 ps         ;
; write_data[90]  ; 2.5 V        ; 2000 ps         ; 2000 ps         ;
; write_data[91]  ; 2.5 V        ; 2000 ps         ; 2000 ps         ;
; write_data[92]  ; 2.5 V        ; 2000 ps         ; 2000 ps         ;
; write_data[93]  ; 2.5 V        ; 2000 ps         ; 2000 ps         ;
; write_data[94]  ; 2.5 V        ; 2000 ps         ; 2000 ps         ;
; write_data[95]  ; 2.5 V        ; 2000 ps         ; 2000 ps         ;
; write_data[96]  ; 2.5 V        ; 2000 ps         ; 2000 ps         ;
; write_data[97]  ; 2.5 V        ; 2000 ps         ; 2000 ps         ;
; write_data[98]  ; 2.5 V        ; 2000 ps         ; 2000 ps         ;
; write_data[99]  ; 2.5 V        ; 2000 ps         ; 2000 ps         ;
; write_data[100] ; 2.5 V        ; 2000 ps         ; 2000 ps         ;
; write_data[101] ; 2.5 V        ; 2000 ps         ; 2000 ps         ;
; write_data[102] ; 2.5 V        ; 2000 ps         ; 2000 ps         ;
; write_data[103] ; 2.5 V        ; 2000 ps         ; 2000 ps         ;
; write_data[104] ; 2.5 V        ; 2000 ps         ; 2000 ps         ;
; write_data[105] ; 2.5 V        ; 2000 ps         ; 2000 ps         ;
; write_data[106] ; 2.5 V        ; 2000 ps         ; 2000 ps         ;
; write_data[107] ; 2.5 V        ; 2000 ps         ; 2000 ps         ;
; write_data[108] ; 2.5 V        ; 2000 ps         ; 2000 ps         ;
; write_data[109] ; 2.5 V        ; 2000 ps         ; 2000 ps         ;
; write_data[110] ; 2.5 V        ; 2000 ps         ; 2000 ps         ;
; write_data[111] ; 2.5 V        ; 2000 ps         ; 2000 ps         ;
; write_data[112] ; 2.5 V        ; 2000 ps         ; 2000 ps         ;
; write_data[113] ; 2.5 V        ; 2000 ps         ; 2000 ps         ;
; write_data[114] ; 2.5 V        ; 2000 ps         ; 2000 ps         ;
; write_data[115] ; 2.5 V        ; 2000 ps         ; 2000 ps         ;
; write_data[116] ; 2.5 V        ; 2000 ps         ; 2000 ps         ;
; write_data[117] ; 2.5 V        ; 2000 ps         ; 2000 ps         ;
; write_data[118] ; 2.5 V        ; 2000 ps         ; 2000 ps         ;
; write_data[119] ; 2.5 V        ; 2000 ps         ; 2000 ps         ;
; write_data[120] ; 2.5 V        ; 2000 ps         ; 2000 ps         ;
; write_data[121] ; 2.5 V        ; 2000 ps         ; 2000 ps         ;
; write_data[122] ; 2.5 V        ; 2000 ps         ; 2000 ps         ;
; write_data[123] ; 2.5 V        ; 2000 ps         ; 2000 ps         ;
; write_data[124] ; 2.5 V        ; 2000 ps         ; 2000 ps         ;
; write_data[125] ; 2.5 V        ; 2000 ps         ; 2000 ps         ;
; write_data[126] ; 2.5 V        ; 2000 ps         ; 2000 ps         ;
; write_data[127] ; 2.5 V        ; 2000 ps         ; 2000 ps         ;
; wr_enable       ; 2.5 V        ; 2000 ps         ; 2000 ps         ;
; write_data[0]   ; 2.5 V        ; 2000 ps         ; 2000 ps         ;
; write_data[1]   ; 2.5 V        ; 2000 ps         ; 2000 ps         ;
; write_data[2]   ; 2.5 V        ; 2000 ps         ; 2000 ps         ;
; write_data[3]   ; 2.5 V        ; 2000 ps         ; 2000 ps         ;
; wr_clk          ; 2.5 V        ; 2000 ps         ; 2000 ps         ;
; reset           ; 2.5 V        ; 2000 ps         ; 2000 ps         ;
; fast_clock      ; 2.5 V        ; 2000 ps         ; 2000 ps         ;
; slow_clock      ; 2.5 V        ; 2000 ps         ; 2000 ps         ;
; wr_rst          ; 2.5 V        ; 2000 ps         ; 2000 ps         ;
+-----------------+--------------+-----------------+-----------------+


+----------------------------------------------------------------------------------------------------------------------------------------------------------------------------------------------------------------------------------------------------------------------------------------------------------------------------------------------------------------------------------------------------------------------------------------------------------------------------------------------------------------------------------------------------------------------------------------------------------------------------------------------------------------------------------+
; Signal Integrity Metrics (Slow 1100mv 0c Model)                                                                                                                                                                                                                                                                                                                                                                                                                                                                                                                                                                                                                                  ;
+-----+--------------+---------------------+---------------------+------------------------------+------------------------------+---------------------+---------------------+--------------------------------------+--------------------------------------+-----------------------------+-----------------------------+----------------------------+----------------------------+-----------------------------+-----------------------------+--------------------+--------------------+-------------------------------------+-------------------------------------+----------------------------+----------------------------+---------------------------+---------------------------+
; Pin ; I/O Standard ; Board Delay on Rise ; Board Delay on Fall ; Steady State Voh at FPGA Pin ; Steady State Vol at FPGA Pin ; Voh Max at FPGA Pin ; Vol Min at FPGA Pin ; Ringback Voltage on Rise at FPGA Pin ; Ringback Voltage on Fall at FPGA Pin ; 10-90 Rise Time at FPGA Pin ; 90-10 Fall Time at FPGA Pin ; Monotonic Rise at FPGA Pin ; Monotonic Fall at FPGA Pin ; Steady State Voh at Far-end ; Steady State Vol at Far-end ; Voh Max at Far-end ; Vol Min at Far-end ; Ringback Voltage on Rise at Far-end ; Ringback Voltage on Fall at Far-end ; 10-90 Rise Time at Far-end ; 90-10 Fall Time at Far-end ; Monotonic Rise at Far-end ; Monotonic Fall at Far-end ;
+-----+--------------+---------------------+---------------------+------------------------------+------------------------------+---------------------+---------------------+--------------------------------------+--------------------------------------+-----------------------------+-----------------------------+----------------------------+----------------------------+-----------------------------+-----------------------------+--------------------+--------------------+-------------------------------------+-------------------------------------+----------------------------+----------------------------+---------------------------+---------------------------+


+----------------------------------------------------------------------------------------------------------------------------------------------------------------------------------------------------------------------------------------------------------------------------------------------------------------------------------------------------------------------------------------------------------------------------------------------------------------------------------------------------------------------------------------------------------------------------------------------------------------------------------------------------------------------------------+
; Signal Integrity Metrics (Slow 1100mv 85c Model)                                                                                                                                                                                                                                                                                                                                                                                                                                                                                                                                                                                                                                 ;
+-----+--------------+---------------------+---------------------+------------------------------+------------------------------+---------------------+---------------------+--------------------------------------+--------------------------------------+-----------------------------+-----------------------------+----------------------------+----------------------------+-----------------------------+-----------------------------+--------------------+--------------------+-------------------------------------+-------------------------------------+----------------------------+----------------------------+---------------------------+---------------------------+
; Pin ; I/O Standard ; Board Delay on Rise ; Board Delay on Fall ; Steady State Voh at FPGA Pin ; Steady State Vol at FPGA Pin ; Voh Max at FPGA Pin ; Vol Min at FPGA Pin ; Ringback Voltage on Rise at FPGA Pin ; Ringback Voltage on Fall at FPGA Pin ; 10-90 Rise Time at FPGA Pin ; 90-10 Fall Time at FPGA Pin ; Monotonic Rise at FPGA Pin ; Monotonic Fall at FPGA Pin ; Steady State Voh at Far-end ; Steady State Vol at Far-end ; Voh Max at Far-end ; Vol Min at Far-end ; Ringback Voltage on Rise at Far-end ; Ringback Voltage on Fall at Far-end ; 10-90 Rise Time at Far-end ; 90-10 Fall Time at Far-end ; Monotonic Rise at Far-end ; Monotonic Fall at Far-end ;
+-----+--------------+---------------------+---------------------+------------------------------+------------------------------+---------------------+---------------------+--------------------------------------+--------------------------------------+-----------------------------+-----------------------------+----------------------------+----------------------------+-----------------------------+-----------------------------+--------------------+--------------------+-------------------------------------+-------------------------------------+----------------------------+----------------------------+---------------------------+---------------------------+


+----------------------------------------------------------------------------------------------------------------------------------------------------------------------------------------------------------------------------------------------------------------------------------------------------------------------------------------------------------------------------------------------------------------------------------------------------------------------------------------------------------------------------------------------------------------------------------------------------------------------------------------------------------------------------------+
; Signal Integrity Metrics (Fast 1100mv 0c Model)                                                                                                                                                                                                                                                                                                                                                                                                                                                                                                                                                                                                                                  ;
+-----+--------------+---------------------+---------------------+------------------------------+------------------------------+---------------------+---------------------+--------------------------------------+--------------------------------------+-----------------------------+-----------------------------+----------------------------+----------------------------+-----------------------------+-----------------------------+--------------------+--------------------+-------------------------------------+-------------------------------------+----------------------------+----------------------------+---------------------------+---------------------------+
; Pin ; I/O Standard ; Board Delay on Rise ; Board Delay on Fall ; Steady State Voh at FPGA Pin ; Steady State Vol at FPGA Pin ; Voh Max at FPGA Pin ; Vol Min at FPGA Pin ; Ringback Voltage on Rise at FPGA Pin ; Ringback Voltage on Fall at FPGA Pin ; 10-90 Rise Time at FPGA Pin ; 90-10 Fall Time at FPGA Pin ; Monotonic Rise at FPGA Pin ; Monotonic Fall at FPGA Pin ; Steady State Voh at Far-end ; Steady State Vol at Far-end ; Voh Max at Far-end ; Vol Min at Far-end ; Ringback Voltage on Rise at Far-end ; Ringback Voltage on Fall at Far-end ; 10-90 Rise Time at Far-end ; 90-10 Fall Time at Far-end ; Monotonic Rise at Far-end ; Monotonic Fall at Far-end ;
+-----+--------------+---------------------+---------------------+------------------------------+------------------------------+---------------------+---------------------+--------------------------------------+--------------------------------------+-----------------------------+-----------------------------+----------------------------+----------------------------+-----------------------------+-----------------------------+--------------------+--------------------+-------------------------------------+-------------------------------------+----------------------------+----------------------------+---------------------------+---------------------------+


+----------------------------------------------------------------------------------------------------------------------------------------------------------------------------------------------------------------------------------------------------------------------------------------------------------------------------------------------------------------------------------------------------------------------------------------------------------------------------------------------------------------------------------------------------------------------------------------------------------------------------------------------------------------------------------+
; Signal Integrity Metrics (Fast 1100mv 85c Model)                                                                                                                                                                                                                                                                                                                                                                                                                                                                                                                                                                                                                                 ;
+-----+--------------+---------------------+---------------------+------------------------------+------------------------------+---------------------+---------------------+--------------------------------------+--------------------------------------+-----------------------------+-----------------------------+----------------------------+----------------------------+-----------------------------+-----------------------------+--------------------+--------------------+-------------------------------------+-------------------------------------+----------------------------+----------------------------+---------------------------+---------------------------+
; Pin ; I/O Standard ; Board Delay on Rise ; Board Delay on Fall ; Steady State Voh at FPGA Pin ; Steady State Vol at FPGA Pin ; Voh Max at FPGA Pin ; Vol Min at FPGA Pin ; Ringback Voltage on Rise at FPGA Pin ; Ringback Voltage on Fall at FPGA Pin ; 10-90 Rise Time at FPGA Pin ; 90-10 Fall Time at FPGA Pin ; Monotonic Rise at FPGA Pin ; Monotonic Fall at FPGA Pin ; Steady State Voh at Far-end ; Steady State Vol at Far-end ; Voh Max at Far-end ; Vol Min at Far-end ; Ringback Voltage on Rise at Far-end ; Ringback Voltage on Fall at Far-end ; 10-90 Rise Time at Far-end ; 90-10 Fall Time at Far-end ; Monotonic Rise at Far-end ; Monotonic Fall at Far-end ;
+-----+--------------+---------------------+---------------------+------------------------------+------------------------------+---------------------+---------------------+--------------------------------------+--------------------------------------+-----------------------------+-----------------------------+----------------------------+----------------------------+-----------------------------+-----------------------------+--------------------+--------------------+-------------------------------------+-------------------------------------+----------------------------+----------------------------+---------------------------+---------------------------+


-------------------
; Clock Transfers ;
-------------------
Nothing to report.


---------------
; Report TCCS ;
---------------
No dedicated SERDES Transmitter circuitry present in device or used in design


---------------
; Report RSKM ;
---------------
No non-DPA dedicated SERDES Receiver circuitry present in device or used in design


+------------------------------------------------+
; Unconstrained Paths Summary                    ;
+---------------------------------+-------+------+
; Property                        ; Setup ; Hold ;
+---------------------------------+-------+------+
; Illegal Clocks                  ; 0     ; 0    ;
; Unconstrained Clocks            ; 0     ; 0    ;
; Unconstrained Input Ports       ; 0     ; 0    ;
; Unconstrained Input Port Paths  ; 0     ; 0    ;
; Unconstrained Output Ports      ; 0     ; 0    ;
; Unconstrained Output Port Paths ; 0     ; 0    ;
+---------------------------------+-------+------+


+------------------------------------+
; TimeQuest Timing Analyzer Messages ;
+------------------------------------+
Info: *******************************************************************
Info: Running Quartus Prime TimeQuest Timing Analyzer
    Info: Version 17.1.0 Build 590 10/25/2017 SJ Lite Edition
    Info: Processing started: Wed Oct 24 19:30:44 2018
Info: Command: quartus_sta ukf -c ukf
Info: qsta_default_script.tcl version: #3
Warning (18236): Number of processors has not been specified which may cause overloading on shared machines.  Set the global assignment NUM_PARALLEL_PROCESSORS in your QSF to an appropriate value for best performance.
Info (20030): Parallel compilation is enabled and will use 4 of the 4 processors detected
Info (21077): Low junction temperature is 0 degrees C
Info (21077): High junction temperature is 85 degrees C
Critical Warning (332012): Synopsys Design Constraints File file not found: 'ukf.sdc'. A Synopsys Design Constraints File is required by the TimeQuest Timing Analyzer to get proper timing constraints. Without it, the Compiler will not properly optimize the design.
Info (332142): No user constrained base clocks found in the design. Calling "derive_clocks -period 1.0"
Info (332096): The command derive_clocks did not find any clocks to derive.  No clocks were created or changed.
Warning (332068): No clocks defined in design.
Info (332143): No user constrained clock uncertainty found in the design. Calling "derive_clock_uncertainty"
Info (332154): The derive_clock_uncertainty command did not apply clock uncertainty to any clock-to-clock transfers.
Info: Found TIMEQUEST_REPORT_SCRIPT_INCLUDE_DEFAULT_ANALYSIS = ON
Info (332159): No clocks to report
Info: Analyzing Slow 1100mV 85C Model
Info (332140): No fmax paths to report
Info (332140): No Setup paths to report
Info (332140): No Hold paths to report
Info (332140): No Recovery paths to report
Info (332140): No Removal paths to report
Info (332140): No Minimum Pulse Width paths to report
Info: Analyzing Slow 1100mV 0C Model
Info (334003): Started post-fitting delay annotation
Info (334004): Delay annotation completed successfully
Info (332142): No user constrained base clocks found in the design. Calling "derive_clocks -period 1.0"
Info (332096): The command derive_clocks did not find any clocks to derive.  No clocks were created or changed.
Warning (332068): No clocks defined in design.
Info (332154): The derive_clock_uncertainty command did not apply clock uncertainty to any clock-to-clock transfers.
Info (332140): No fmax paths to report
Info (332140): No Setup paths to report
Info (332140): No Hold paths to report
Info (332140): No Recovery paths to report
Info (332140): No Removal paths to report
Info (332140): No Minimum Pulse Width paths to report
Info: Analyzing Fast 1100mV 85C Model
Info (334003): Started post-fitting delay annotation
Info (334004): Delay annotation completed successfully
Info (332142): No user constrained base clocks found in the design. Calling "derive_clocks -period 1.0"
Info (332096): The command derive_clocks did not find any clocks to derive.  No clocks were created or changed.
Warning (332068): No clocks defined in design.
Info (332154): The derive_clock_uncertainty command did not apply clock uncertainty to any clock-to-clock transfers.
Info (332140): No Setup paths to report
Info (332140): No Hold paths to report
Info (332140): No Recovery paths to report
Info (332140): No Removal paths to report
Info (332140): No Minimum Pulse Width paths to report
Info: Analyzing Fast 1100mV 0C Model
Info (332142): No user constrained base clocks found in the design. Calling "derive_clocks -period 1.0"
Info (332096): The command derive_clocks did not find any clocks to derive.  No clocks were created or changed.
Warning (332068): No clocks defined in design.
Info (332154): The derive_clock_uncertainty command did not apply clock uncertainty to any clock-to-clock transfers.
Info (332140): No Setup paths to report
Info (332140): No Hold paths to report
Info (332140): No Recovery paths to report
Info (332140): No Removal paths to report
Info (332140): No Minimum Pulse Width paths to report
Info (332101): Design is fully constrained for setup requirements
Info (332101): Design is fully constrained for hold requirements
Info: Quartus Prime TimeQuest Timing Analyzer was successful. 0 errors, 6 warnings
    Info: Peak virtual memory: 5065 megabytes
    Info: Processing ended: Wed Oct 24 19:30:50 2018
    Info: Elapsed time: 00:00:06
    Info: Total CPU time (on all processors): 00:00:05


